---
source: src/sweep/weak_ordering.rs
expression: "snapshot_outputs(segs, 0.01)"
---
[
  Output(
    order: SegmentOrder(
      segs: [
        SegmentOrderEntry(
          seg: SegIdx(3),
          exit: false,
          enter: true,
          in_changed_interval: true,
          old_idx: Some(0),
        ),
        SegmentOrderEntry(
          seg: SegIdx(1),
          exit: false,
          enter: true,
          in_changed_interval: true,
          old_idx: Some(1),
        ),
      ],
    ),
    changed: [
      ChangedInterval(
        segs: Range(
          start: 0,
          end: 2,
        ),
        horizontals: Some(Range(
          start: 0,
          end: 1,
        )),
      ),
    ],
  ),
  Output(
    order: SegmentOrder(
      segs: [
        SegmentOrderEntry(
          seg: SegIdx(3),
          exit: true,
          enter: false,
          in_changed_interval: true,
          old_idx: Some(0),
        ),
        SegmentOrderEntry(
          seg: SegIdx(1),
          exit: true,
          enter: false,
          in_changed_interval: true,
          old_idx: Some(1),
        ),
      ],
    ),
    changed: [
      ChangedInterval(
        segs: Range(
          start: 0,
          end: 2,
        ),
        horizontals: Some(Range(
          start: 0,
          end: 1,
        )),
      ),
    ],
  ),
]
