---
source: src/topology.rs
expression: top
---
Topology(
  eps: 0.01,
  shape_a: [
    true,
    true,
    true,
    true,
    false,
    false,
    false,
    false,
  ],
  open_segs: [
    [],
    [],
    [],
    [],
    [],
    [],
    [],
    [],
  ],
  winding: OutputSegVec(
    inner: [
      HalfSegmentWindingNumbers(
        counter_clockwise: WindingNumber(
          shape_a: 0,
          shape_b: -1,
        ),
        clockwise: WindingNumber(
          shape_a: 0,
          shape_b: 0,
        ),
      ),
      HalfSegmentWindingNumbers(
        counter_clockwise: WindingNumber(
          shape_a: -1,
          shape_b: -1,
        ),
        clockwise: WindingNumber(
          shape_a: 0,
          shape_b: -1,
        ),
      ),
      HalfSegmentWindingNumbers(
        counter_clockwise: WindingNumber(
          shape_a: -1,
          shape_b: 0,
        ),
        clockwise: WindingNumber(
          shape_a: -1,
          shape_b: -1,
        ),
      ),
      HalfSegmentWindingNumbers(
        counter_clockwise: WindingNumber(
          shape_a: 0,
          shape_b: 0,
        ),
        clockwise: WindingNumber(
          shape_a: -1,
          shape_b: 0,
        ),
      ),
      HalfSegmentWindingNumbers(
        counter_clockwise: WindingNumber(
          shape_a: 0,
          shape_b: 0,
        ),
        clockwise: WindingNumber(
          shape_a: -1,
          shape_b: 0,
        ),
      ),
      HalfSegmentWindingNumbers(
        counter_clockwise: WindingNumber(
          shape_a: 0,
          shape_b: -1,
        ),
        clockwise: WindingNumber(
          shape_a: 0,
          shape_b: 0,
        ),
      ),
      HalfSegmentWindingNumbers(
        counter_clockwise: WindingNumber(
          shape_a: -1,
          shape_b: -1,
        ),
        clockwise: WindingNumber(
          shape_a: 0,
          shape_b: -1,
        ),
      ),
      HalfSegmentWindingNumbers(
        counter_clockwise: WindingNumber(
          shape_a: 0,
          shape_b: 0,
        ),
        clockwise: WindingNumber(
          shape_a: 0,
          shape_b: -1,
        ),
      ),
    ],
  ),
  points: PointVec(
    inner: [
      Point(
        y: 0.0,
        x: 0.0,
      ),
      Point(
        y: 0.0,
        x: 1.0,
      ),
      Point(
        y: 1.0,
        x: -1.0,
      ),
      Point(
        y: 1.0,
        x: 0.0,
      ),
      Point(
        y: 1.0,
        x: 1.0,
      ),
      Point(
        y: 2.0,
        x: 0.0,
      ),
    ],
  ),
  point_idx: HalfOutputSegVec(
    start: [
      PointIdx(0),
      PointIdx(0),
      PointIdx(0),
      PointIdx(0),
      PointIdx(1),
      PointIdx(2),
      PointIdx(3),
      PointIdx(4),
    ],
    end: [
      PointIdx(2),
      PointIdx(3),
      PointIdx(4),
      PointIdx(1),
      PointIdx(4),
      PointIdx(5),
      PointIdx(4),
      PointIdx(5),
    ],
  ),
  point_neighbors: HalfOutputSegVec(
    start: [
      PointNeighbors(
        clockwise: HalfOutputSegIdx(
          idx: OutputSegIdx(3),
          first_half: true,
        ),
        counter_clockwise: HalfOutputSegIdx(
          idx: OutputSegIdx(1),
          first_half: true,
        ),
      ),
      PointNeighbors(
        clockwise: HalfOutputSegIdx(
          idx: OutputSegIdx(0),
          first_half: true,
        ),
        counter_clockwise: HalfOutputSegIdx(
          idx: OutputSegIdx(2),
          first_half: true,
        ),
      ),
      PointNeighbors(
        clockwise: HalfOutputSegIdx(
          idx: OutputSegIdx(1),
          first_half: true,
        ),
        counter_clockwise: HalfOutputSegIdx(
          idx: OutputSegIdx(3),
          first_half: true,
        ),
      ),
      PointNeighbors(
        clockwise: HalfOutputSegIdx(
          idx: OutputSegIdx(2),
          first_half: true,
        ),
        counter_clockwise: HalfOutputSegIdx(
          idx: OutputSegIdx(0),
          first_half: true,
        ),
      ),
      PointNeighbors(
        clockwise: HalfOutputSegIdx(
          idx: OutputSegIdx(3),
          first_half: false,
        ),
        counter_clockwise: HalfOutputSegIdx(
          idx: OutputSegIdx(3),
          first_half: false,
        ),
      ),
      PointNeighbors(
        clockwise: HalfOutputSegIdx(
          idx: OutputSegIdx(0),
          first_half: false,
        ),
        counter_clockwise: HalfOutputSegIdx(
          idx: OutputSegIdx(0),
          first_half: false,
        ),
      ),
      PointNeighbors(
        clockwise: HalfOutputSegIdx(
          idx: OutputSegIdx(1),
          first_half: false,
        ),
        counter_clockwise: HalfOutputSegIdx(
          idx: OutputSegIdx(1),
          first_half: false,
        ),
      ),
      PointNeighbors(
        clockwise: HalfOutputSegIdx(
          idx: OutputSegIdx(6),
          first_half: false,
        ),
        counter_clockwise: HalfOutputSegIdx(
          idx: OutputSegIdx(4),
          first_half: false,
        ),
      ),
    ],
    end: [
      PointNeighbors(
        clockwise: HalfOutputSegIdx(
          idx: OutputSegIdx(5),
          first_half: true,
        ),
        counter_clockwise: HalfOutputSegIdx(
          idx: OutputSegIdx(5),
          first_half: true,
        ),
      ),
      PointNeighbors(
        clockwise: HalfOutputSegIdx(
          idx: OutputSegIdx(6),
          first_half: true,
        ),
        counter_clockwise: HalfOutputSegIdx(
          idx: OutputSegIdx(6),
          first_half: true,
        ),
      ),
      PointNeighbors(
        clockwise: HalfOutputSegIdx(
          idx: OutputSegIdx(4),
          first_half: false,
        ),
        counter_clockwise: HalfOutputSegIdx(
          idx: OutputSegIdx(6),
          first_half: false,
        ),
      ),
      PointNeighbors(
        clockwise: HalfOutputSegIdx(
          idx: OutputSegIdx(4),
          first_half: true,
        ),
        counter_clockwise: HalfOutputSegIdx(
          idx: OutputSegIdx(4),
          first_half: true,
        ),
      ),
      PointNeighbors(
        clockwise: HalfOutputSegIdx(
          idx: OutputSegIdx(7),
          first_half: true,
        ),
        counter_clockwise: HalfOutputSegIdx(
          idx: OutputSegIdx(2),
          first_half: false,
        ),
      ),
      PointNeighbors(
        clockwise: HalfOutputSegIdx(
          idx: OutputSegIdx(7),
          first_half: false,
        ),
        counter_clockwise: HalfOutputSegIdx(
          idx: OutputSegIdx(7),
          first_half: false,
        ),
      ),
      PointNeighbors(
        clockwise: HalfOutputSegIdx(
          idx: OutputSegIdx(2),
          first_half: false,
        ),
        counter_clockwise: HalfOutputSegIdx(
          idx: OutputSegIdx(7),
          first_half: true,
        ),
      ),
      PointNeighbors(
        clockwise: HalfOutputSegIdx(
          idx: OutputSegIdx(5),
          first_half: false,
        ),
        counter_clockwise: HalfOutputSegIdx(
          idx: OutputSegIdx(5),
          first_half: false,
        ),
      ),
    ],
  ),
  deleted: OutputSegVec(
    inner: [
      false,
      false,
      false,
      false,
      false,
      false,
      false,
      false,
    ],
  ),
  scan_west: OutputSegVec(
    inner: [
      None,
      Some(OutputSegIdx(0)),
      Some(OutputSegIdx(1)),
      Some(OutputSegIdx(2)),
      Some(OutputSegIdx(2)),
      None,
      Some(OutputSegIdx(5)),
      Some(OutputSegIdx(5)),
    ],
  ),
  scan_east: OutputSegVec(
    inner: [
      None,
      None,
      None,
      None,
      None,
      None,
      None,
      None,
    ],
  ),
  scan_after: [],
  close_segments: [
    Node(
      left_seg: OutputSegIdx(0),
      right_seg: OutputSegIdx(1),
      y0: 0.0,
      y1: 0.02000000000099999,
    ),
    Node(
      left_seg: OutputSegIdx(1),
      right_seg: OutputSegIdx(2),
      y0: 0.0,
      y1: 0.02000000000099999,
    ),
    Node(
      left_seg: OutputSegIdx(2),
      right_seg: OutputSegIdx(4),
      y0: 0.979999999999,
      y1: 1.0,
    ),
    Node(
      left_seg: OutputSegIdx(5),
      right_seg: OutputSegIdx(7),
      y0: 1.9849999999995,
      y1: 2.0,
    ),
  ],
  orig_seg: OutputSegVec(
    inner: [
      SegIdx(7),
      SegIdx(3),
      SegIdx(4),
      SegIdx(0),
      SegIdx(1),
      SegIdx(6),
      SegIdx(2),
      SegIdx(5),
    ],
  ),
)
